
R version 4.1.0 (2021-05-18) -- "Camp Pontanezen"
Copyright (C) 2021 The R Foundation for Statistical Computing
Platform: x86_64-pc-linux-gnu (64-bit)

R is free software and comes with ABSOLUTELY NO WARRANTY.
You are welcome to redistribute it under certain conditions.
Type 'license()' or 'licence()' for distribution details.

R is a collaborative project with many contributors.
Type 'contributors()' for more information and
'citation()' on how to cite R or R packages in publications.

Type 'demo()' for some demos, 'help()' for on-line help, or
'help.start()' for an HTML browser interface to help.
Type 'q()' to quit R.

[Previously saved workspace restored]

> library(IBGS)
> library(doParallel)
Loading required package: foreach
Loading required package: iterators
Loading required package: parallel
> 
> setwd("/mnt/h/UbuntuRv2/IBGS")
> 
> #parallel setting
> registerDoParallel(10)
> set.seed(101)
> 
> n <- 500
> p <- 50
> 
> x <- matrix(rnorm(n*p), ncol = p)
> colnames(x) <- 1:p
> 
> y <- rowSums(x[,1:5]) + rnorm(p)
> m.l1 <- GibbsSampler(y,x, info = "BIC", family = "gaussian")
Error in GibbsSampler(y, x, info = "BIC", family = "gaussian") : 
  could not find function "GibbsSampler"
Execution halted
