
R version 4.1.0 (2021-05-18) -- "Camp Pontanezen"
Copyright (C) 2021 The R Foundation for Statistical Computing
Platform: x86_64-pc-linux-gnu (64-bit)

R is free software and comes with ABSOLUTELY NO WARRANTY.
You are welcome to redistribute it under certain conditions.
Type 'license()' or 'licence()' for distribution details.

R is a collaborative project with many contributors.
Type 'contributors()' for more information and
'citation()' on how to cite R or R packages in publications.

Type 'demo()' for some demos, 'help()' for on-line help, or
'help.start()' for an HTML browser interface to help.
Type 'q()' to quit R.

[Previously saved workspace restored]

> library(IBGS)
> library(doParallel)
Loading required package: foreach
Loading required package: iterators
Loading required package: parallel
> 
> setwd("/mnt/h/UbuntuRv2/IBGS")
> 
> #parallel setting
> registerDoParallel(10)
> set.seed(101)
> 
> x <- matrix(rnorm(50000), ncol = 500)
> colnames(x) <- 1:500
> 
> y <- rowSums(x[,1:5]) + rnorm(100)
> m.l1 <- BlockGibbsSampler(y,x, info = "BIC", family = "gaussian")
> m.l2 <- BlockGibbsSampler(y,x, info = "exBIC", family = "gaussian")
Error in exBIC(glm(y ~ ., data = z[, m.index == 1], family = family)) : 
  argument "gamma" is missing, with no default
Calls: BlockGibbsSampler ... BlockGibbsSampler.step3 -> result.GibbsSampler -> v.sic -> exBIC
Execution halted
